
Running 82 tests using 1 worker

  ✓   1 [chromium] › tests/ui-regression/layer-toggles.spec.js:50:5 › index.html › sidebar layer buttons match the known classification (3.8s)
  ✓   2 [chromium] › tests/ui-regression/layer-toggles.spec.js:58:5 › index.html › default state matches config (4.6s)
  ✓   3 [chromium] › tests/ui-regression/layer-toggles.spec.js:69:7 › index.html › toggle flips visual and map state: 📏 Pegel (ELWAS) (2.8s)
  ✓   4 [chromium] › tests/ui-regression/layer-toggles.spec.js:69:7 › index.html › toggle flips visual and map state: ⛰️ Stauanlagen (ELWAS) (2.7s)
  ✓   5 [chromium] › tests/ui-regression/layer-toggles.spec.js:69:7 › index.html › toggle flips visual and map state: 🌧️ Regenbecken/-entlastungsanlagen (ELWAS) (2.8s)
  ✓   6 [chromium] › tests/ui-regression/layer-toggles.spec.js:69:7 › index.html › toggle flips visual and map state: 🧱 Querbauwerke (ELWAS) (2.8s)
  ✓   7 [chromium] › tests/ui-regression/layer-toggles.spec.js:69:7 › index.html › toggle flips visual and map state: Rur Einzugsgebiet (Hydrologisch) (2.9s)
  ✓   8 [chromium] › tests/ui-regression/layer-toggles.spec.js:69:7 › index.html › toggle flips visual and map state: Eigene Gewässer mit Namen (2.8s)
  ✓   9 [chromium] › tests/ui-regression/layer-toggles.spec.js:69:7 › index.html › toggle flips visual and map state: Landkreisgrenzen (Rheinisches Revier) (2.8s)
  ✓  10 [chromium] › tests/ui-regression/layer-toggles.spec.js:69:7 › index.html › toggle flips visual and map state: Kreisgrenzen (Schwarz gestrichelt) (2.7s)
  ✓  11 [chromium] › tests/ui-regression/layer-toggles.spec.js:69:7 › index.html › toggle flips visual and map state: 💧 Grundwassermessstellen (ELWAS, 3700+) (3.2s)
  ✓  12 [chromium] › tests/ui-regression/layer-toggles.spec.js:69:7 › index.html › toggle flips visual and map state: ⚡ H₂-Elektrolyseure NRW (2.7s)
  ✓  13 [chromium] › tests/ui-regression/layer-toggles.spec.js:69:7 › index.html › toggle flips visual and map state: 🧮 Einzugsgebiet-Statistik (Betriebe & Abwasser) (2.9s)
  ✓  14 [chromium] › tests/ui-regression/layer-toggles.spec.js:69:7 › index.html › toggle flips visual and map state: 📊 Kreis-Vergleich (Choroplethenkarte) (3.4s)
  ✓  15 [chromium] › tests/ui-regression/layer-toggles.spec.js:69:7 › index.html › toggle flips visual and map state: Wasserschutzgebiete (LANUV) (4.1s)
  ✓  16 [chromium] › tests/ui-regression/layer-toggles.spec.js:69:7 › index.html › toggle flips visual and map state: Wassergewinnungsgebiete (Zone I) (3.8s)
  ✓  17 [chromium] › tests/ui-regression/layer-toggles.spec.js:69:7 › index.html › toggle flips visual and map state: 📈 Grundwasserwiederanstieg (Modell) (2.9s)
  ✓  18 [chromium] › tests/ui-regression/layer-toggles.spec.js:69:7 › index.html › toggle flips visual and map state: Tagebaue & Bergbaufelder (GD) (3.0s)
  ✓  19 [chromium] › tests/ui-regression/layer-toggles.spec.js:69:7 › index.html › toggle flips visual and map state: HQ häufig (LANUV) (3.0s)
  ✓  20 [chromium] › tests/ui-regression/layer-toggles.spec.js:69:7 › index.html › toggle flips visual and map state: HQ100 (LANUV) (2.8s)
